../Drivers/STM32WBxx_HAL_Driver/Inc/stm32wbxx_ll_bus.h:539:22:LL_AHB2_GRP1_EnableClock	24	static
../Core/Src/main.c:76:5:main	24	static
../Core/Src/main.c:147:6:SystemClock_Config	112	static
../Core/Src/main.c:206:6:PeriphCommonClock_Config	88	static
../Core/Src/main.c:230:13:MX_SPI1_Init	8	static
../Core/Src/main.c:270:13:MX_USART1_UART_Init	8	static
../Core/Src/main.c:318:13:MX_USB_PCD_Init	8	static
../Core/Src/main.c:351:13:MX_GPIO_Init	32	static
../Core/Src/main.c:397:6:Error_Handler	4	static,ignoring_inline_asm
