../Drivers/STM32WBxx_HAL_Driver/Inc/stm32wbxx_ll_bus.h:364:22:LL_AHB1_GRP1_EnableClock	24	static
../Drivers/STM32WBxx_HAL_Driver/Inc/stm32wbxx_ll_bus.h:539:22:LL_AHB2_GRP1_EnableClock	24	static
../Core/Src/main.c:83:6:HAL_TIM_PWM_PulseFinishedCallback	16	static
../Core/Src/main.c:89:6:set_LED	24	static
../Core/Src/main.c:98:6:set_brightness	40	static
../Core/Src/main.c:115:6:wS2812_Send	32	static
../Core/Src/main.c:161:5:main	24	static
../Core/Src/main.c:232:6:SystemClock_Config	112	static
../Core/Src/main.c:295:6:PeriphCommonClock_Config	88	static
../Core/Src/main.c:319:13:MX_RTC_Init	8	static
../Core/Src/main.c:355:13:MX_TIM1_Init	120	static
../Core/Src/main.c:437:13:MX_USART1_UART_Init	8	static
../Core/Src/main.c:485:13:MX_USB_PCD_Init	8	static
../Core/Src/main.c:516:13:MX_DMA_Init	8	static
../Core/Src/main.c:535:13:MX_GPIO_Init	32	static
../Core/Src/main.c:581:6:Error_Handler	4	static,ignoring_inline_asm
