11:09:04 **** Incremental Build of configuration Debug for project LED_SPI ****
make -j16 all 
arm-none-eabi-gcc "../Core/Src/WS2812_SPI.c" -mcpu=cortex-m4 -std=gnu11 -g3 -DDEBUG -DUSE_HAL_DRIVER -DSTM32WB55xx -c -I../Core/Inc -I../Drivers/STM32WBxx_HAL_Driver/Inc -I../Drivers/STM32WBxx_HAL_Driver/Inc/Legacy -I../Drivers/CMSIS/Device/ST/STM32WBxx/Include -I../Drivers/CMSIS/Include -O0 -ffunction-sections -fdata-sections -Wall -fstack-usage -fcyclomatic-complexity -MMD -MP -MF"Core/Src/WS2812_SPI.d" -MT"Core/Src/WS2812_SPI.o" --specs=nano.specs -mfpu=fpv4-sp-d16 -mfloat-abi=hard -mthumb -o "Core/Src/WS2812_SPI.o"
arm-none-eabi-gcc "../Core/Src/main.c" -mcpu=cortex-m4 -std=gnu11 -g3 -DDEBUG -DUSE_HAL_DRIVER -DSTM32WB55xx -c -I../Core/Inc -I../Drivers/STM32WBxx_HAL_Driver/Inc -I../Drivers/STM32WBxx_HAL_Driver/Inc/Legacy -I../Drivers/CMSIS/Device/ST/STM32WBxx/Include -I../Drivers/CMSIS/Include -O0 -ffunction-sections -fdata-sections -Wall -fstack-usage -fcyclomatic-complexity -MMD -MP -MF"Core/Src/main.d" -MT"Core/Src/main.o" --specs=nano.specs -mfpu=fpv4-sp-d16 -mfloat-abi=hard -mthumb -o "Core/Src/main.o"
arm-none-eabi-gcc -o "LED_SPI.elf" @"objects.list"   -mcpu=cortex-m4 -T"C:\Users\jadem\STM32CubeIDE\workspace_masterproject\LED_SPI\STM32WB55RGVX_FLASH.ld" --specs=nosys.specs -Wl,-Map="LED_SPI.map" -Wl,--gc-sections -static --specs=nano.specs -mfpu=fpv4-sp-d16 -mfloat-abi=hard -mthumb -Wl,--start-group -lc -lm -Wl,--end-group
Finished building target: LED_SPI.elf
 
arm-none-eabi-size  LED_SPI.elf 
arm-none-eabi-objdump -h -S LED_SPI.elf  > "LED_SPI.list"
   text	   data	    bss	    dec	    hex	filename
  18700	     20	   2836	  21556	   5434	LED_SPI.elf
Finished building: default.size.stdout
 
Finished building: LED_SPI.list
 

11:09:04 Build Finished. 0 errors, 0 warnings. (took 812ms)

