14:20:52 **** Incremental Build of configuration Debug for project MP_HBS ****
make -j16 all 
arm-none-eabi-gcc "../Core/Src/main.c" -mcpu=cortex-m4 -std=gnu11 -g3 -DDEBUG -DUSE_HAL_DRIVER -DSTM32WB55xx -c -I../Core/Inc -I../Drivers/STM32WBxx_HAL_Driver/Inc -I../Drivers/STM32WBxx_HAL_Driver/Inc/Legacy -I../Drivers/CMSIS/Device/ST/STM32WBxx/Include -I../Drivers/CMSIS/Include -O0 -ffunction-sections -fdata-sections -Wall -fstack-usage -fcyclomatic-complexity -MMD -MP -MF"Core/Src/main.d" -MT"Core/Src/main.o" --specs=nano.specs -mfpu=fpv4-sp-d16 -mfloat-abi=hard -mthumb -o "Core/Src/main.o"
arm-none-eabi-gcc -o "MP_HBS.elf" @"objects.list"   -mcpu=cortex-m4 -T"C:\Users\jadem\STM32CubeIDE\workspace_masterproject\MP_HBS\STM32WB55RGVX_FLASH.ld" --specs=nosys.specs -Wl,-Map="MP_HBS.map" -Wl,--gc-sections -static --specs=nano.specs -mfpu=fpv4-sp-d16 -mfloat-abi=hard -mthumb -Wl,--start-group -lc -lm -Wl,--end-group
Finished building target: MP_HBS.elf
 
arm-none-eabi-size  MP_HBS.elf 
arm-none-eabi-objdump -h -S MP_HBS.elf  > "MP_HBS.list"
   text	   data	    bss	    dec	    hex	filename
  22940	    100	   2916	  25956	   6564	MP_HBS.elf
Finished building: default.size.stdout
 
Finished building: MP_HBS.list
 

14:20:53 Build Finished. 0 errors, 0 warnings. (took 1s.61ms)

